Archive member included because of file (symbol)

/usr/lib/gcc/avr/4.8.1/../../../avr/lib/avr5/libprintf_flt.a(vfprintf_flt.o)
                              (vfprintf)
/usr/lib/gcc/avr/4.8.1/avr5/libgcc.a(_udivmodqi4.o)
                              ./rtc.o (__udivmodqi4)
/usr/lib/gcc/avr/4.8.1/avr5/libgcc.a(_divmodhi4.o)
                              ./rtc.o (__divmodhi4)
/usr/lib/gcc/avr/4.8.1/avr5/libgcc.a(_exit.o)
                              /usr/lib/gcc/avr/4.8.1/../../../avr/lib/avr5/crtm32.o (exit)
/usr/lib/gcc/avr/4.8.1/avr5/libgcc.a(_copy_data.o)
                              ./LCD_timedate.o (__do_copy_data)
/usr/lib/gcc/avr/4.8.1/avr5/libgcc.a(_clear_bss.o)
                              ./main.o (__do_clear_bss)
/usr/lib/gcc/avr/4.8.1/avr5/libgcc.a(_prologue.o)
                              /usr/lib/gcc/avr/4.8.1/../../../avr/lib/avr5/libprintf_flt.a(vfprintf_flt.o) (__prologue_saves__)
/usr/lib/gcc/avr/4.8.1/avr5/libgcc.a(_epilogue.o)
                              /usr/lib/gcc/avr/4.8.1/../../../avr/lib/avr5/libprintf_flt.a(vfprintf_flt.o) (__epilogue_restores__)
/usr/lib/gcc/avr/4.8.1/avr5/libgcc.a(_udivmodhi4.o)
                              /usr/lib/gcc/avr/4.8.1/avr5/libgcc.a(_divmodhi4.o) (__udivmodhi4)
/usr/lib/gcc/avr/4.8.1/../../../avr/lib/avr5/libc.a(ftoa_engine.o)
                              /usr/lib/gcc/avr/4.8.1/../../../avr/lib/avr5/libprintf_flt.a(vfprintf_flt.o) (__ftoa_engine)
/usr/lib/gcc/avr/4.8.1/../../../avr/lib/avr5/libc.a(strnlen_P.o)
                              /usr/lib/gcc/avr/4.8.1/../../../avr/lib/avr5/libprintf_flt.a(vfprintf_flt.o) (strnlen_P)
/usr/lib/gcc/avr/4.8.1/../../../avr/lib/avr5/libc.a(strnlen.o)
                              /usr/lib/gcc/avr/4.8.1/../../../avr/lib/avr5/libprintf_flt.a(vfprintf_flt.o) (strnlen)
/usr/lib/gcc/avr/4.8.1/../../../avr/lib/avr5/libc.a(fputc.o)
                              /usr/lib/gcc/avr/4.8.1/../../../avr/lib/avr5/libprintf_flt.a(vfprintf_flt.o) (fputc)
/usr/lib/gcc/avr/4.8.1/../../../avr/lib/avr5/libc.a(iob.o)
                              ./main.o (__iob)
/usr/lib/gcc/avr/4.8.1/../../../avr/lib/avr5/libc.a(printf.o)
                              ./LCD_timedate.o (printf)
/usr/lib/gcc/avr/4.8.1/../../../avr/lib/avr5/libc.a(ultoa_invert.o)
                              /usr/lib/gcc/avr/4.8.1/../../../avr/lib/avr5/libprintf_flt.a(vfprintf_flt.o) (__ultoa_invert)

Allocating common symbols
Common symbol       size              file

rxEnd               0x1               ./rs232.o
bufforRead          0x20              ./rs232.o
alarm_m             0x1               ./main.o
bufforSend          0x2               ./rs232.o
poziom              0x1               ./main.o
month               0x1               ./main.o
level               0x1               ./main.o
alarm_h             0x1               ./main.o
znak                0x1               ./rs232.o
year                0x1               ./main.o
s                   0x1               ./main.o
h                   0x1               ./main.o
day                 0x1               ./main.o
date                0x1               ./main.o
m                   0x1               ./main.o
__iob               0x6               /usr/lib/gcc/avr/4.8.1/../../../avr/lib/avr5/libc.a(iob.o)
indeks              0x1               ./rs232.o

Memory Configuration

Name             Origin             Length             Attributes
text             0x0000000000000000 0x0000000000020000 xr
data             0x0000000000800060 0x000000000000ffa0 rw !x
eeprom           0x0000000000810000 0x0000000000010000 rw !x
fuse             0x0000000000820000 0x0000000000000400 rw !x
lock             0x0000000000830000 0x0000000000000400 rw !x
signature        0x0000000000840000 0x0000000000000400 rw !x
user_signatures  0x0000000000850000 0x0000000000000400 rw !x
*default*        0x0000000000000000 0xffffffffffffffff

Linker script and memory map

LOAD /usr/lib/gcc/avr/4.8.1/../../../avr/lib/avr5/crtm32.o
LOAD /usr/lib/gcc/avr/4.8.1/../../../avr/lib/avr5/libprintf_flt.a
LOAD /usr/lib/gcc/avr/4.8.1/../../../avr/lib/avr5/libm.a
LOAD ./LCD.o
LOAD ./LCD_timedate.o
LOAD ./i2c.o
LOAD ./longdelay.o
LOAD ./main.o
LOAD ./rs232.o
LOAD ./rtc.o
LOAD ./spi.o
START GROUP
LOAD /usr/lib/gcc/avr/4.8.1/avr5/libgcc.a
LOAD /usr/lib/gcc/avr/4.8.1/../../../avr/lib/avr5/libm.a
LOAD /usr/lib/gcc/avr/4.8.1/../../../avr/lib/avr5/libc.a
END GROUP

.hash
 *(.hash)

.dynsym
 *(.dynsym)

.dynstr
 *(.dynstr)

.gnu.version
 *(.gnu.version)

.gnu.version_d
 *(.gnu.version_d)

.gnu.version_r
 *(.gnu.version_r)

.rel.init
 *(.rel.init)

.rela.init
 *(.rela.init)

.rel.text
 *(.rel.text)
 *(.rel.text.*)
 *(.rel.gnu.linkonce.t*)

.rela.text
 *(.rela.text)
 *(.rela.text.*)
 *(.rela.gnu.linkonce.t*)

.rel.fini
 *(.rel.fini)

.rela.fini
 *(.rela.fini)

.rel.rodata
 *(.rel.rodata)
 *(.rel.rodata.*)
 *(.rel.gnu.linkonce.r*)

.rela.rodata
 *(.rela.rodata)
 *(.rela.rodata.*)
 *(.rela.gnu.linkonce.r*)

.rel.data
 *(.rel.data)
 *(.rel.data.*)
 *(.rel.gnu.linkonce.d*)

.rela.data
 *(.rela.data)
 *(.rela.data.*)
 *(.rela.gnu.linkonce.d*)

.rel.ctors
 *(.rel.ctors)

.rela.ctors
 *(.rela.ctors)

.rel.dtors
 *(.rel.dtors)

.rela.dtors
 *(.rela.dtors)

.rel.got
 *(.rel.got)

.rela.got
 *(.rela.got)

.rel.bss
 *(.rel.bss)

.rela.bss
 *(.rela.bss)

.rel.plt
 *(.rel.plt)

.rela.plt
 *(.rela.plt)

.text           0x0000000000000000     0x182e
 *(.vectors)
 .vectors       0x0000000000000000       0x54 /usr/lib/gcc/avr/4.8.1/../../../avr/lib/avr5/crtm32.o
                0x0000000000000000                __vectors
                0x0000000000000000                __vector_default
 *(.vectors)
 *(.progmem.gcc*)
                0x0000000000000054                . = ALIGN (0x2)
                0x0000000000000054                __trampolines_start = .
 *(.trampolines)
 .trampolines   0x0000000000000054        0x0 linker stubs
 *(.trampolines*)
                0x0000000000000054                __trampolines_end = .
 *(.progmem*)
 .progmem.data  0x0000000000000054        0x8 /usr/lib/gcc/avr/4.8.1/../../../avr/lib/avr5/libprintf_flt.a(vfprintf_flt.o)
 .progmem.data  0x000000000000005c       0xfa /usr/lib/gcc/avr/4.8.1/../../../avr/lib/avr5/libc.a(ftoa_engine.o)
                0x0000000000000156                . = ALIGN (0x2)
 *(.jumptables)
 *(.jumptables*)
 *(.lowtext)
 *(.lowtext*)
                0x0000000000000156                __ctors_start = .
 *(.ctors)
                0x0000000000000156                __ctors_end = .
                0x0000000000000156                __dtors_start = .
 *(.dtors)
                0x0000000000000156                __dtors_end = .
 SORT(*)(.ctors)
 SORT(*)(.dtors)
 *(.init0)
 .init0         0x0000000000000156        0x0 /usr/lib/gcc/avr/4.8.1/../../../avr/lib/avr5/crtm32.o
                0x0000000000000156                __init
 *(.init0)
 *(.init1)
 *(.init1)
 *(.init2)
 .init2         0x0000000000000156        0xc /usr/lib/gcc/avr/4.8.1/../../../avr/lib/avr5/crtm32.o
 *(.init2)
 *(.init3)
 *(.init3)
 *(.init4)
 .init4         0x0000000000000162       0x16 /usr/lib/gcc/avr/4.8.1/avr5/libgcc.a(_copy_data.o)
                0x0000000000000162                __do_copy_data
 .init4         0x0000000000000178       0x10 /usr/lib/gcc/avr/4.8.1/avr5/libgcc.a(_clear_bss.o)
                0x0000000000000178                __do_clear_bss
 *(.init4)
 *(.init5)
 *(.init5)
 *(.init6)
 *(.init6)
 *(.init7)
 *(.init7)
 *(.init8)
 *(.init8)
 *(.init9)
 .init9         0x0000000000000188        0x8 /usr/lib/gcc/avr/4.8.1/../../../avr/lib/avr5/crtm32.o
 *(.init9)
 *(.text)
 .text          0x0000000000000190        0x4 /usr/lib/gcc/avr/4.8.1/../../../avr/lib/avr5/crtm32.o
                0x0000000000000190                __vector_12
                0x0000000000000190                __bad_interrupt
                0x0000000000000190                __vector_6
                0x0000000000000190                __vector_3
                0x0000000000000190                __vector_11
                0x0000000000000190                __vector_17
                0x0000000000000190                __vector_19
                0x0000000000000190                __vector_7
                0x0000000000000190                __vector_5
                0x0000000000000190                __vector_4
                0x0000000000000190                __vector_9
                0x0000000000000190                __vector_2
                0x0000000000000190                __vector_8
                0x0000000000000190                __vector_14
                0x0000000000000190                __vector_10
                0x0000000000000190                __vector_16
                0x0000000000000190                __vector_18
                0x0000000000000190                __vector_20
 .text          0x0000000000000194        0x0 /usr/lib/gcc/avr/4.8.1/../../../avr/lib/avr5/libprintf_flt.a(vfprintf_flt.o)
 .text          0x0000000000000194        0x0 ./LCD.o
 .text          0x0000000000000194        0x0 ./LCD_timedate.o
 .text          0x0000000000000194        0x0 ./i2c.o
 .text          0x0000000000000194        0x0 ./longdelay.o
 .text          0x0000000000000194        0x0 ./main.o
 .text          0x0000000000000194        0x0 ./rs232.o
 .text          0x0000000000000194        0x0 ./rtc.o
 .text          0x0000000000000194        0x0 ./spi.o
 .text          0x0000000000000194        0x0 /usr/lib/gcc/avr/4.8.1/avr5/libgcc.a(_udivmodqi4.o)
 .text          0x0000000000000194        0x0 /usr/lib/gcc/avr/4.8.1/avr5/libgcc.a(_divmodhi4.o)
 .text          0x0000000000000194        0x0 /usr/lib/gcc/avr/4.8.1/avr5/libgcc.a(_exit.o)
 .text          0x0000000000000194        0x0 /usr/lib/gcc/avr/4.8.1/avr5/libgcc.a(_copy_data.o)
 .text          0x0000000000000194        0x0 /usr/lib/gcc/avr/4.8.1/avr5/libgcc.a(_clear_bss.o)
 .text          0x0000000000000194        0x0 /usr/lib/gcc/avr/4.8.1/avr5/libgcc.a(_prologue.o)
 .text          0x0000000000000194        0x0 /usr/lib/gcc/avr/4.8.1/avr5/libgcc.a(_epilogue.o)
 .text          0x0000000000000194        0x0 /usr/lib/gcc/avr/4.8.1/avr5/libgcc.a(_udivmodhi4.o)
 .text          0x0000000000000194        0x0 /usr/lib/gcc/avr/4.8.1/../../../avr/lib/avr5/libc.a(ftoa_engine.o)
 .text          0x0000000000000194        0x0 /usr/lib/gcc/avr/4.8.1/../../../avr/lib/avr5/libc.a(strnlen_P.o)
 .text          0x0000000000000194        0x0 /usr/lib/gcc/avr/4.8.1/../../../avr/lib/avr5/libc.a(strnlen.o)
 .text          0x0000000000000194        0x0 /usr/lib/gcc/avr/4.8.1/../../../avr/lib/avr5/libc.a(fputc.o)
 .text          0x0000000000000194        0x0 /usr/lib/gcc/avr/4.8.1/../../../avr/lib/avr5/libc.a(iob.o)
 .text          0x0000000000000194        0x0 /usr/lib/gcc/avr/4.8.1/../../../avr/lib/avr5/libc.a(printf.o)
 .text          0x0000000000000194        0x0 /usr/lib/gcc/avr/4.8.1/../../../avr/lib/avr5/libc.a(ultoa_invert.o)
                0x0000000000000194                . = ALIGN (0x2)
 *(.text.*)
 .text.avr-libc
                0x0000000000000194      0x6f6 /usr/lib/gcc/avr/4.8.1/../../../avr/lib/avr5/libprintf_flt.a(vfprintf_flt.o)
                0x0000000000000194                vfprintf
 .text.lcd_write_instr
                0x000000000000088a       0x48 ./LCD.o
                0x000000000000088a                lcd_write_instr
 .text.lcd_clear
                0x00000000000008d2       0x12 ./LCD.o
                0x00000000000008d2                lcd_clear
 .text.lcdinit  0x00000000000008e4       0x70 ./LCD.o
                0x00000000000008e4                lcdinit
 .text.lcd_write_data
                0x0000000000000954       0x48 ./LCD.o
                0x0000000000000954                lcd_write_data
 .text.lcd_set_xy
                0x000000000000099c       0x10 ./LCD.o
                0x000000000000099c                lcd_set_xy
 .text.lcd_write_text_xy
                0x00000000000009ac       0x1e ./LCD.o
                0x00000000000009ac                lcd_write_text_xy
 .text.lcd_write_text_P
                0x00000000000009ca       0x1e ./LCD.o
                0x00000000000009ca                lcd_write_text_P
 .text.print_date
                0x00000000000009e8       0x7a ./LCD_timedate.o
                0x00000000000009e8                print_date
 .text.print_date_day
                0x0000000000000a62       0x70 ./LCD_timedate.o
                0x0000000000000a62                print_date_day
 .text.print_date_month
                0x0000000000000ad2       0x70 ./LCD_timedate.o
                0x0000000000000ad2                print_date_month
 .text.print_date_year
                0x0000000000000b42       0x70 ./LCD_timedate.o
                0x0000000000000b42                print_date_year
 .text.print_date_h
                0x0000000000000bb2       0x70 ./LCD_timedate.o
                0x0000000000000bb2                print_date_h
 .text.print_date_m
                0x0000000000000c22       0x72 ./LCD_timedate.o
                0x0000000000000c22                print_date_m
 .text.print_alarm
                0x0000000000000c94       0x4e ./LCD_timedate.o
                0x0000000000000c94                print_alarm
 .text.print_alarm_h
                0x0000000000000ce2       0x40 ./LCD_timedate.o
                0x0000000000000ce2                print_alarm_h
 .text.print_alarm_m
                0x0000000000000d22       0x40 ./LCD_timedate.o
                0x0000000000000d22                print_alarm_m
 .text.print_level
                0x0000000000000d62       0x44 ./LCD_timedate.o
                0x0000000000000d62                print_level
 .text.I2C_init
                0x0000000000000da6        0x6 ./i2c.o
                0x0000000000000da6                I2C_init
 .text.I2C_start
                0x0000000000000dac       0x10 ./i2c.o
                0x0000000000000dac                I2C_start
 .text.I2C_stop
                0x0000000000000dbc        0xc ./i2c.o
                0x0000000000000dbc                I2C_stop
 .text.I2C_write
                0x0000000000000dc8       0x12 ./i2c.o
                0x0000000000000dc8                I2C_write
 .text.I2C_read
                0x0000000000000dda       0x1e ./i2c.o
                0x0000000000000dda                I2C_read
 .text.longdelay
                0x0000000000000df8       0x1e ./longdelay.o
                0x0000000000000df8                longdelay
 .text.uart_putchar
                0x0000000000000e16        0xa ./main.o
 .text.__vector_1
                0x0000000000000e20       0x68 ./main.o
                0x0000000000000e20                __vector_1
 .text.startup.main
                0x0000000000000e88      0x166 ./main.o
                0x0000000000000e88                main
 .text.USART_init
                0x0000000000000fee       0x10 ./rs232.o
                0x0000000000000fee                USART_init
 .text.USART_wait_for_empty
                0x0000000000000ffe        0x6 ./rs232.o
                0x0000000000000ffe                USART_wait_for_empty
 .text.USART_send
                0x0000000000001004       0x3e ./rs232.o
                0x0000000000001004                USART_send
 .text.__vector_13
                0x0000000000001042       0x60 ./rs232.o
                0x0000000000001042                __vector_13
 .text.__vector_15
                0x00000000000010a2       0x48 ./rs232.o
                0x00000000000010a2                __vector_15
 .text.rtc_init
                0x00000000000010ea       0x1a ./rtc.o
                0x00000000000010ea                rtc_init
 .text.rtc_control_reg
                0x0000000000001104       0x58 ./rtc.o
                0x0000000000001104                rtc_control_reg
 .text.rtc_set_time
                0x000000000000115c       0x9c ./rtc.o
                0x000000000000115c                rtc_set_time
 .text.rtc_set_date
                0x00000000000011f8       0xa0 ./rtc.o
                0x00000000000011f8                rtc_set_date
 .text.rtc_get_time
                0x0000000000001298       0xc0 ./rtc.o
                0x0000000000001298                rtc_get_time
 .text.rtc_get_date
                0x0000000000001358       0xc0 ./rtc.o
                0x0000000000001358                rtc_get_date
 .text.InitSPI  0x0000000000001418        0xe ./spi.o
                0x0000000000001418                InitSPI
 .text.TransferSPI
                0x0000000000001426        0xa ./spi.o
                0x0000000000001426                TransferSPI
 .text.libgcc.mul
                0x0000000000001430        0x0 /usr/lib/gcc/avr/4.8.1/avr5/libgcc.a(_udivmodqi4.o)
 .text.libgcc.div
                0x0000000000001430       0x18 /usr/lib/gcc/avr/4.8.1/avr5/libgcc.a(_udivmodqi4.o)
                0x0000000000001430                __udivmodqi4
 .text.libgcc   0x0000000000001448        0x0 /usr/lib/gcc/avr/4.8.1/avr5/libgcc.a(_udivmodqi4.o)
 .text.libgcc.prologue
                0x0000000000001448        0x0 /usr/lib/gcc/avr/4.8.1/avr5/libgcc.a(_udivmodqi4.o)
 .text.libgcc.builtins
                0x0000000000001448        0x0 /usr/lib/gcc/avr/4.8.1/avr5/libgcc.a(_udivmodqi4.o)
 .text.libgcc.fmul
                0x0000000000001448        0x0 /usr/lib/gcc/avr/4.8.1/avr5/libgcc.a(_udivmodqi4.o)
 .text.libgcc.fixed
                0x0000000000001448        0x0 /usr/lib/gcc/avr/4.8.1/avr5/libgcc.a(_udivmodqi4.o)
 .text.libgcc.mul
                0x0000000000001448        0x0 /usr/lib/gcc/avr/4.8.1/avr5/libgcc.a(_divmodhi4.o)
 .text.libgcc.div
                0x0000000000001448       0x28 /usr/lib/gcc/avr/4.8.1/avr5/libgcc.a(_divmodhi4.o)
                0x0000000000001448                __divmodhi4
                0x0000000000001448                _div
 .text.libgcc   0x0000000000001470        0x0 /usr/lib/gcc/avr/4.8.1/avr5/libgcc.a(_divmodhi4.o)
 .text.libgcc.prologue
                0x0000000000001470        0x0 /usr/lib/gcc/avr/4.8.1/avr5/libgcc.a(_divmodhi4.o)
 .text.libgcc.builtins
                0x0000000000001470        0x0 /usr/lib/gcc/avr/4.8.1/avr5/libgcc.a(_divmodhi4.o)
 .text.libgcc.fmul
                0x0000000000001470        0x0 /usr/lib/gcc/avr/4.8.1/avr5/libgcc.a(_divmodhi4.o)
 .text.libgcc.fixed
                0x0000000000001470        0x0 /usr/lib/gcc/avr/4.8.1/avr5/libgcc.a(_divmodhi4.o)
 .text.libgcc.mul
                0x0000000000001470        0x0 /usr/lib/gcc/avr/4.8.1/avr5/libgcc.a(_exit.o)
 .text.libgcc.div
                0x0000000000001470        0x0 /usr/lib/gcc/avr/4.8.1/avr5/libgcc.a(_exit.o)
 .text.libgcc   0x0000000000001470        0x0 /usr/lib/gcc/avr/4.8.1/avr5/libgcc.a(_exit.o)
 .text.libgcc.prologue
                0x0000000000001470        0x0 /usr/lib/gcc/avr/4.8.1/avr5/libgcc.a(_exit.o)
 .text.libgcc.builtins
                0x0000000000001470        0x0 /usr/lib/gcc/avr/4.8.1/avr5/libgcc.a(_exit.o)
 .text.libgcc.fmul
                0x0000000000001470        0x0 /usr/lib/gcc/avr/4.8.1/avr5/libgcc.a(_exit.o)
 .text.libgcc.fixed
                0x0000000000001470        0x0 /usr/lib/gcc/avr/4.8.1/avr5/libgcc.a(_exit.o)
 .text.libgcc.mul
                0x0000000000001470        0x0 /usr/lib/gcc/avr/4.8.1/avr5/libgcc.a(_copy_data.o)
 .text.libgcc.div
                0x0000000000001470        0x0 /usr/lib/gcc/avr/4.8.1/avr5/libgcc.a(_copy_data.o)
 .text.libgcc   0x0000000000001470        0x0 /usr/lib/gcc/avr/4.8.1/avr5/libgcc.a(_copy_data.o)
 .text.libgcc.prologue
                0x0000000000001470        0x0 /usr/lib/gcc/avr/4.8.1/avr5/libgcc.a(_copy_data.o)
 .text.libgcc.builtins
                0x0000000000001470        0x0 /usr/lib/gcc/avr/4.8.1/avr5/libgcc.a(_copy_data.o)
 .text.libgcc.fmul
                0x0000000000001470        0x0 /usr/lib/gcc/avr/4.8.1/avr5/libgcc.a(_copy_data.o)
 .text.libgcc.fixed
                0x0000000000001470        0x0 /usr/lib/gcc/avr/4.8.1/avr5/libgcc.a(_copy_data.o)
 .text.libgcc.mul
                0x0000000000001470        0x0 /usr/lib/gcc/avr/4.8.1/avr5/libgcc.a(_clear_bss.o)
 .text.libgcc.div
                0x0000000000001470        0x0 /usr/lib/gcc/avr/4.8.1/avr5/libgcc.a(_clear_bss.o)
 .text.libgcc   0x0000000000001470        0x0 /usr/lib/gcc/avr/4.8.1/avr5/libgcc.a(_clear_bss.o)
 .text.libgcc.prologue
                0x0000000000001470        0x0 /usr/lib/gcc/avr/4.8.1/avr5/libgcc.a(_clear_bss.o)
 .text.libgcc.builtins
                0x0000000000001470        0x0 /usr/lib/gcc/avr/4.8.1/avr5/libgcc.a(_clear_bss.o)
 .text.libgcc.fmul
                0x0000000000001470        0x0 /usr/lib/gcc/avr/4.8.1/avr5/libgcc.a(_clear_bss.o)
 .text.libgcc.fixed
                0x0000000000001470        0x0 /usr/lib/gcc/avr/4.8.1/avr5/libgcc.a(_clear_bss.o)
 .text.libgcc.mul
                0x0000000000001470        0x0 /usr/lib/gcc/avr/4.8.1/avr5/libgcc.a(_prologue.o)
 .text.libgcc.div
                0x0000000000001470        0x0 /usr/lib/gcc/avr/4.8.1/avr5/libgcc.a(_prologue.o)
 .text.libgcc   0x0000000000001470        0x0 /usr/lib/gcc/avr/4.8.1/avr5/libgcc.a(_prologue.o)
 .text.libgcc.prologue
                0x0000000000001470       0x38 /usr/lib/gcc/avr/4.8.1/avr5/libgcc.a(_prologue.o)
                0x0000000000001470                __prologue_saves__
 .text.libgcc.builtins
                0x00000000000014a8        0x0 /usr/lib/gcc/avr/4.8.1/avr5/libgcc.a(_prologue.o)
 .text.libgcc.fmul
                0x00000000000014a8        0x0 /usr/lib/gcc/avr/4.8.1/avr5/libgcc.a(_prologue.o)
 .text.libgcc.fixed
                0x00000000000014a8        0x0 /usr/lib/gcc/avr/4.8.1/avr5/libgcc.a(_prologue.o)
 .text.libgcc.mul
                0x00000000000014a8        0x0 /usr/lib/gcc/avr/4.8.1/avr5/libgcc.a(_epilogue.o)
 .text.libgcc.div
                0x00000000000014a8        0x0 /usr/lib/gcc/avr/4.8.1/avr5/libgcc.a(_epilogue.o)
 .text.libgcc   0x00000000000014a8        0x0 /usr/lib/gcc/avr/4.8.1/avr5/libgcc.a(_epilogue.o)
 .text.libgcc.prologue
                0x00000000000014a8       0x36 /usr/lib/gcc/avr/4.8.1/avr5/libgcc.a(_epilogue.o)
                0x00000000000014a8                __epilogue_restores__
 .text.libgcc.builtins
                0x00000000000014de        0x0 /usr/lib/gcc/avr/4.8.1/avr5/libgcc.a(_epilogue.o)
 .text.libgcc.fmul
                0x00000000000014de        0x0 /usr/lib/gcc/avr/4.8.1/avr5/libgcc.a(_epilogue.o)
 .text.libgcc.fixed
                0x00000000000014de        0x0 /usr/lib/gcc/avr/4.8.1/avr5/libgcc.a(_epilogue.o)
 .text.libgcc.mul
                0x00000000000014de        0x0 /usr/lib/gcc/avr/4.8.1/avr5/libgcc.a(_udivmodhi4.o)
 .text.libgcc.div
                0x00000000000014de       0x28 /usr/lib/gcc/avr/4.8.1/avr5/libgcc.a(_udivmodhi4.o)
                0x00000000000014de                __udivmodhi4
 .text.libgcc   0x0000000000001506        0x0 /usr/lib/gcc/avr/4.8.1/avr5/libgcc.a(_udivmodhi4.o)
 .text.libgcc.prologue
                0x0000000000001506        0x0 /usr/lib/gcc/avr/4.8.1/avr5/libgcc.a(_udivmodhi4.o)
 .text.libgcc.builtins
                0x0000000000001506        0x0 /usr/lib/gcc/avr/4.8.1/avr5/libgcc.a(_udivmodhi4.o)
 .text.libgcc.fmul
                0x0000000000001506        0x0 /usr/lib/gcc/avr/4.8.1/avr5/libgcc.a(_udivmodhi4.o)
 .text.libgcc.fixed
                0x0000000000001506        0x0 /usr/lib/gcc/avr/4.8.1/avr5/libgcc.a(_udivmodhi4.o)
 .text.avr-libc
                0x0000000000001506      0x1b0 /usr/lib/gcc/avr/4.8.1/../../../avr/lib/avr5/libc.a(ftoa_engine.o)
                0x0000000000001506                __ftoa_engine
 .text.avr-libc
                0x00000000000016b6       0x16 /usr/lib/gcc/avr/4.8.1/../../../avr/lib/avr5/libc.a(strnlen_P.o)
                0x00000000000016b6                strnlen_P
 .text.avr-libc
                0x00000000000016cc       0x16 /usr/lib/gcc/avr/4.8.1/../../../avr/lib/avr5/libc.a(strnlen.o)
                0x00000000000016cc                strnlen
 .text.avr-libc
                0x00000000000016e2       0x64 /usr/lib/gcc/avr/4.8.1/../../../avr/lib/avr5/libc.a(fputc.o)
                0x00000000000016e2                fputc
 .text.avr-libc
                0x0000000000001746       0x28 /usr/lib/gcc/avr/4.8.1/../../../avr/lib/avr5/libc.a(printf.o)
                0x0000000000001746                printf
 .text.avr-libc
                0x000000000000176e       0xbc /usr/lib/gcc/avr/4.8.1/../../../avr/lib/avr5/libc.a(ultoa_invert.o)
                0x000000000000176e                __ultoa_invert
                0x000000000000182a                . = ALIGN (0x2)
 *(.fini9)
 .fini9         0x000000000000182a        0x0 /usr/lib/gcc/avr/4.8.1/avr5/libgcc.a(_exit.o)
                0x000000000000182a                exit
                0x000000000000182a                _exit
 *(.fini9)
 *(.fini8)
 *(.fini8)
 *(.fini7)
 *(.fini7)
 *(.fini6)
 *(.fini6)
 *(.fini5)
 *(.fini5)
 *(.fini4)
 *(.fini4)
 *(.fini3)
 *(.fini3)
 *(.fini2)
 *(.fini2)
 *(.fini1)
 *(.fini1)
 *(.fini0)
 .fini0         0x000000000000182a        0x4 /usr/lib/gcc/avr/4.8.1/avr5/libgcc.a(_exit.o)
 *(.fini0)
                0x000000000000182e                _etext = .

.data           0x0000000000800060       0xf8 load address 0x000000000000182e
                0x0000000000800060                PROVIDE (__data_start, .)
 *(.data)
 .data          0x0000000000800060        0x0 /usr/lib/gcc/avr/4.8.1/../../../avr/lib/avr5/crtm32.o
 .data          0x0000000000800060        0x0 /usr/lib/gcc/avr/4.8.1/../../../avr/lib/avr5/libprintf_flt.a(vfprintf_flt.o)
 .data          0x0000000000800060        0x0 ./LCD.o
 .data          0x0000000000800060        0x0 ./LCD_timedate.o
 .data          0x0000000000800060        0x0 ./i2c.o
 .data          0x0000000000800060        0x0 ./longdelay.o
 .data          0x0000000000800060        0x0 ./main.o
 .data          0x0000000000800060        0x0 ./rs232.o
 .data          0x0000000000800060        0x0 ./rtc.o
 .data          0x0000000000800060        0x0 ./spi.o
 .data          0x0000000000800060        0x0 /usr/lib/gcc/avr/4.8.1/avr5/libgcc.a(_udivmodqi4.o)
 .data          0x0000000000800060        0x0 /usr/lib/gcc/avr/4.8.1/avr5/libgcc.a(_divmodhi4.o)
 .data          0x0000000000800060        0x0 /usr/lib/gcc/avr/4.8.1/avr5/libgcc.a(_exit.o)
 .data          0x0000000000800060        0x0 /usr/lib/gcc/avr/4.8.1/avr5/libgcc.a(_copy_data.o)
 .data          0x0000000000800060        0x0 /usr/lib/gcc/avr/4.8.1/avr5/libgcc.a(_clear_bss.o)
 .data          0x0000000000800060        0x0 /usr/lib/gcc/avr/4.8.1/avr5/libgcc.a(_prologue.o)
 .data          0x0000000000800060        0x0 /usr/lib/gcc/avr/4.8.1/avr5/libgcc.a(_epilogue.o)
 .data          0x0000000000800060        0x0 /usr/lib/gcc/avr/4.8.1/avr5/libgcc.a(_udivmodhi4.o)
 .data          0x0000000000800060        0x0 /usr/lib/gcc/avr/4.8.1/../../../avr/lib/avr5/libc.a(ftoa_engine.o)
 .data          0x0000000000800060        0x0 /usr/lib/gcc/avr/4.8.1/../../../avr/lib/avr5/libc.a(strnlen_P.o)
 .data          0x0000000000800060        0x0 /usr/lib/gcc/avr/4.8.1/../../../avr/lib/avr5/libc.a(strnlen.o)
 .data          0x0000000000800060        0x0 /usr/lib/gcc/avr/4.8.1/../../../avr/lib/avr5/libc.a(fputc.o)
 .data          0x0000000000800060        0x0 /usr/lib/gcc/avr/4.8.1/../../../avr/lib/avr5/libc.a(iob.o)
 .data          0x0000000000800060        0x0 /usr/lib/gcc/avr/4.8.1/../../../avr/lib/avr5/libc.a(printf.o)
 .data          0x0000000000800060        0x0 /usr/lib/gcc/avr/4.8.1/../../../avr/lib/avr5/libc.a(ultoa_invert.o)
 *(.data*)
 .data.mystdout
                0x0000000000800060        0xe ./main.o
 .data.week_days
                0x000000000080006e        0xe ./main.o
                0x000000000080006e                week_days
 *(.rodata)
 *(.rodata*)
 .rodata.str1.1
                0x000000000080007c       0xc4 ./LCD_timedate.o
                                         0xd6 (size before relaxing)
 .rodata.str1.1
                0x0000000000800140       0x18 ./main.o
 *(.gnu.linkonce.d*)
                0x0000000000800158                . = ALIGN (0x2)
                0x0000000000800158                _edata = .
                0x0000000000800158                PROVIDE (__data_end, .)

.bss            0x0000000000800158       0x37
                0x0000000000800158                PROVIDE (__bss_start, .)
 *(.bss)
 .bss           0x0000000000800158        0x0 /usr/lib/gcc/avr/4.8.1/../../../avr/lib/avr5/crtm32.o
 .bss           0x0000000000800158        0x0 /usr/lib/gcc/avr/4.8.1/../../../avr/lib/avr5/libprintf_flt.a(vfprintf_flt.o)
 .bss           0x0000000000800158        0x0 ./LCD.o
 .bss           0x0000000000800158        0x0 ./LCD_timedate.o
 .bss           0x0000000000800158        0x0 ./i2c.o
 .bss           0x0000000000800158        0x0 ./longdelay.o
 .bss           0x0000000000800158        0x0 ./main.o
 .bss           0x0000000000800158        0x0 ./rs232.o
 .bss           0x0000000000800158        0x0 ./rtc.o
 .bss           0x0000000000800158        0x0 ./spi.o
 .bss           0x0000000000800158        0x0 /usr/lib/gcc/avr/4.8.1/avr5/libgcc.a(_udivmodqi4.o)
 .bss           0x0000000000800158        0x0 /usr/lib/gcc/avr/4.8.1/avr5/libgcc.a(_divmodhi4.o)
 .bss           0x0000000000800158        0x0 /usr/lib/gcc/avr/4.8.1/avr5/libgcc.a(_exit.o)
 .bss           0x0000000000800158        0x0 /usr/lib/gcc/avr/4.8.1/avr5/libgcc.a(_copy_data.o)
 .bss           0x0000000000800158        0x0 /usr/lib/gcc/avr/4.8.1/avr5/libgcc.a(_clear_bss.o)
 .bss           0x0000000000800158        0x0 /usr/lib/gcc/avr/4.8.1/avr5/libgcc.a(_prologue.o)
 .bss           0x0000000000800158        0x0 /usr/lib/gcc/avr/4.8.1/avr5/libgcc.a(_epilogue.o)
 .bss           0x0000000000800158        0x0 /usr/lib/gcc/avr/4.8.1/avr5/libgcc.a(_udivmodhi4.o)
 .bss           0x0000000000800158        0x0 /usr/lib/gcc/avr/4.8.1/../../../avr/lib/avr5/libc.a(ftoa_engine.o)
 .bss           0x0000000000800158        0x0 /usr/lib/gcc/avr/4.8.1/../../../avr/lib/avr5/libc.a(strnlen_P.o)
 .bss           0x0000000000800158        0x0 /usr/lib/gcc/avr/4.8.1/../../../avr/lib/avr5/libc.a(strnlen.o)
 .bss           0x0000000000800158        0x0 /usr/lib/gcc/avr/4.8.1/../../../avr/lib/avr5/libc.a(fputc.o)
 .bss           0x0000000000800158        0x0 /usr/lib/gcc/avr/4.8.1/../../../avr/lib/avr5/libc.a(iob.o)
 .bss           0x0000000000800158        0x0 /usr/lib/gcc/avr/4.8.1/../../../avr/lib/avr5/libc.a(printf.o)
 .bss           0x0000000000800158        0x0 /usr/lib/gcc/avr/4.8.1/../../../avr/lib/avr5/libc.a(ultoa_invert.o)
 *(.bss*)
 .bss.transmisja
                0x0000000000800158        0x1 ./rs232.o
                0x0000000000800158                transmisja
 *(COMMON)
 COMMON         0x0000000000800159        0xb ./main.o
                0x0000000000800159                alarm_m
                0x000000000080015a                poziom
                0x000000000080015b                month
                0x000000000080015c                level
                0x000000000080015d                alarm_h
                0x000000000080015e                year
                0x000000000080015f                s
                0x0000000000800160                h
                0x0000000000800161                day
                0x0000000000800162                date
                0x0000000000800163                m
 COMMON         0x0000000000800164       0x25 ./rs232.o
                0x0000000000800164                rxEnd
                0x0000000000800165                bufforRead
                0x0000000000800185                bufforSend
                0x0000000000800187                znak
                0x0000000000800188                indeks
 COMMON         0x0000000000800189        0x6 /usr/lib/gcc/avr/4.8.1/../../../avr/lib/avr5/libc.a(iob.o)
                0x0000000000800189                __iob
                0x000000000080018f                PROVIDE (__bss_end, .)
                0x000000000000182e                __data_load_start = LOADADDR (.data)
                0x0000000000001926                __data_load_end = (__data_load_start + SIZEOF (.data))

.noinit         0x000000000080018f        0x0
                0x000000000080018f                PROVIDE (__noinit_start, .)
 *(.noinit*)
                0x000000000080018f                PROVIDE (__noinit_end, .)
                0x000000000080018f                _end = .
                0x000000000080018f                PROVIDE (__heap_start, .)

.eeprom         0x0000000000810000        0x0
 *(.eeprom*)
                0x0000000000810000                __eeprom_end = .

.fuse
 *(.fuse)
 *(.lfuse)
 *(.hfuse)
 *(.efuse)

.lock
 *(.lock*)

.signature
 *(.signature*)

.user_signatures
 *(.user_signatures*)

.stab
 *(.stab)

.stabstr
 *(.stabstr)

.stab.excl
 *(.stab.excl)

.stab.exclstr
 *(.stab.exclstr)

.stab.index
 *(.stab.index)

.stab.indexstr
 *(.stab.indexstr)

.comment        0x0000000000000000       0x11
 *(.comment)
 .comment       0x0000000000000000       0x11 /usr/lib/gcc/avr/4.8.1/../../../avr/lib/avr5/libprintf_flt.a(vfprintf_flt.o)
                                         0x12 (size before relaxing)
 .comment       0x0000000000000000       0x12 ./LCD.o
 .comment       0x0000000000000000       0x12 ./LCD_timedate.o
 .comment       0x0000000000000000       0x12 ./i2c.o
 .comment       0x0000000000000000       0x12 ./longdelay.o
 .comment       0x0000000000000000       0x12 ./main.o
 .comment       0x0000000000000000       0x12 ./rs232.o
 .comment       0x0000000000000000       0x12 ./rtc.o
 .comment       0x0000000000000000       0x12 ./spi.o
 .comment       0x0000000000000000       0x12 /usr/lib/gcc/avr/4.8.1/../../../avr/lib/avr5/libc.a(fputc.o)
 .comment       0x0000000000000000       0x12 /usr/lib/gcc/avr/4.8.1/../../../avr/lib/avr5/libc.a(iob.o)
 .comment       0x0000000000000000       0x12 /usr/lib/gcc/avr/4.8.1/../../../avr/lib/avr5/libc.a(printf.o)

.note.gnu.build-id
 *(.note.gnu.build-id)

.debug
 *(.debug)

.line
 *(.line)

.debug_srcinfo
 *(.debug_srcinfo)

.debug_sfnames
 *(.debug_sfnames)

.debug_aranges
 *(.debug_aranges)

.debug_pubnames
 *(.debug_pubnames)

.debug_info
 *(.debug_info .gnu.linkonce.wi.*)

.debug_abbrev
 *(.debug_abbrev)

.debug_line
 *(.debug_line .debug_line.* .debug_line_end)

.debug_frame
 *(.debug_frame)

.debug_str
 *(.debug_str)

.debug_loc
 *(.debug_loc)

.debug_macinfo
 *(.debug_macinfo)

.debug_weaknames
 *(.debug_weaknames)

.debug_funcnames
 *(.debug_funcnames)

.debug_typenames
 *(.debug_typenames)

.debug_varnames
 *(.debug_varnames)

.debug_pubtypes
 *(.debug_pubtypes)

.debug_ranges
 *(.debug_ranges)

.debug_macro
 *(.debug_macro)
OUTPUT(Projekt.elf elf32-avr)
LOAD linker stubs
